Log file open, 05/25/25 15:35:58
LogTrace: Initializing trace...
LogTrace: Finished trace initialization.
LogInit: Session CrashGUID >====================================================
         Session CrashGUID >   UECC-Windows-A79ACFF54C34384F47E710B6F268FC27
         Session CrashGUID >====================================================
LogConfig: No local boot hotfix file found at: [../../../../../Unreal Projects/kool/Saved/PersistentDownloadDir/HotfixForNextBoot.txt]
LogPluginManager: Mounting Engine plugin PlatformCrypto
LogInit: ExecutableName: UnrealPak.exe
LogInit: Build: ++UE5+Release-5.5-CL-40574608
LogInit: Platform=WindowsEditor
LogInit: MachineId=7fcc1d434b496150267d058224ff041e
LogInit: DeviceId=
LogInit: Engine Version: 5.5.4-40574608+++UE5+Release-5.5
LogInit: Compatible Engine Version: 5.5.0-37670630+++UE5+Release-5.5
LogInit: Net CL: 37670630
LogInit: OS: Windows 10 (22H2) [10.0.19045.5854] (), CPU: AMD Ryzen 7 3750H with Radeon Vega Mobile Gfx  , GPU: AMD Radeon(TM) RX Vega 10 Graphics
LogInit: Compiled (64-bit): Mar  7 2025 14:59:45
LogInit: Architecture: x64
LogInit: Compiled with Visual C++: 19.38.33130.00
LogInit: Build Configuration: Development
LogInit: Branch Name: ++UE5+Release-5.5
LogInit: Command Line: -CreateGlobalContainer="D:\Unreal Projects\kool\Saved\StagedBuilds\Windows\kool\Content\Paks\global.utoc" -PackageStoreManifest="D:\Unreal Projects\kool\Saved\Cooked\Windows\kool\Metadata\packagestore.manifest" -CookedDirectory="D:\Unreal Projects\kool\Saved\Cooked\Windows" -Commands="C:\Users\Jaspe\AppData\Roaming\Unreal Engine\AutomationTool\Logs\D+eepikalised+geimid+UE_5.5\IoStoreCommands.txt" -ScriptObjects="D:\Unreal Projects\kool\Saved\Cooked\Windows\kool\Metadata\scriptobjects.bin" -patchpaddingalign=2048 -compressionformats=Oodle -compresslevel=4 -compressmethod=Kraken -cryptokeys="D:\Unreal Projects\kool\Saved\Cooked\Windows\kool\Metadata\Crypto.json" -compressionMinBytesSaved=1024 -compressionMinPercentSaved=5 -WriteBackMetadataToAssetRegistry=Disabled -nopak
LogInit: Base Directory: D:/eepikalised geimid/UE_5.5/Engine/Binaries/Win64/
LogInit: Allocator: Mimalloc
LogInit: Installed Engine Build: 1
LogInit: This binary is optimized with LTO: no, PGO: no, instrumented for PGO data collection: no
LogDevObjectVersion: Number of dev versions registered: 35
LogDevObjectVersion:   Dev-Blueprints (B0D832E4-1F89-4F0D-ACCF-7EB736FD4AA2): 10
LogDevObjectVersion:   Dev-Build (E1C64328-A22C-4D53-A36C-8E866417BD8C): 0
LogDevObjectVersion:   Dev-Core (375EC13C-06E4-48FB-B500-84F0262A717E): 4
LogDevObjectVersion:   Dev-Editor (E4B068ED-F494-42E9-A231-DA0B2E46BB41): 40
LogDevObjectVersion:   Dev-Framework (CFFC743F-43B0-4480-9391-14DF171D2073): 37
LogDevObjectVersion:   Dev-Mobile (B02B49B5-BB20-44E9-A304-32B752E40360): 3
LogDevObjectVersion:   Dev-Networking (A4E4105C-59A1-49B5-A7C5-40C4547EDFEE): 0
LogDevObjectVersion:   Dev-Online (39C831C9-5AE6-47DC-9A44-9C173E1C8E7C): 0
LogDevObjectVersion:   Dev-Physics (78F01B33-EBEA-4F98-B9B4-84EACCB95AA2): 20
LogDevObjectVersion:   Dev-Platform (6631380F-2D4D-43E0-8009-CF276956A95A): 0
LogDevObjectVersion:   Dev-Rendering (12F88B9F-8875-4AFC-A67C-D90C383ABD29): 49
LogDevObjectVersion:   Dev-Sequencer (7B5AE74C-D270-4C10-A958-57980B212A5A): 13
LogDevObjectVersion:   Dev-VR (D7296918-1DD6-4BDD-9DE2-64A83CC13884): 3
LogDevObjectVersion:   Dev-LoadTimes (C2A15278-BFE7-4AFE-6C17-90FF531DF755): 1
LogDevObjectVersion:   Private-Geometry (6EACA3D4-40EC-4CC1-B786-8BED09428FC5): 3
LogDevObjectVersion:   Dev-AnimPhys (29E575DD-E0A3-4627-9D10-D276232CDCEA): 17
LogDevObjectVersion:   Dev-Anim (AF43A65D-7FD3-4947-9873-3E8ED9C1BB05): 15
LogDevObjectVersion:   Dev-ReflectionCapture (6B266CEC-1EC7-4B8F-A30B-E4D90942FC07): 1
LogDevObjectVersion:   Dev-Automation (0DF73D61-A23F-47EA-B727-89E90C41499A): 1
LogDevObjectVersion:   FortniteMain (601D1886-AC64-4F84-AA16-D3DE0DEAC7D6): 170
LogDevObjectVersion:   FortniteValkyrie (8DBC2C5B-54A7-43E0-A768-FCBB7DA29060): 8
LogDevObjectVersion:   FortniteSeason (5B4C06B7-2463-4AF8-805B-BF70CDF5D0DD): 13
LogDevObjectVersion:   FortniteRelease (E7086368-6B23-4C58-8439-1B7016265E91): 15
LogDevObjectVersion:   Dev-Enterprise (9DFFBCD6-494F-0158-E221-12823C92A888): 10
LogDevObjectVersion:   Dev-Niagara (F2AED0AC-9AFE-416F-8664-AA7FFA26D6FC): 1
LogDevObjectVersion:   Dev-Destruction (174F1F0B-B4C6-45A5-B13F-2EE8D0FB917D): 10
LogDevObjectVersion:   Dev-Physics-Ext (35F94A83-E258-406C-A318-09F59610247C): 41
LogDevObjectVersion:   Dev-PhysicsMaterial-Chaos (B68FC16E-8B1B-42E2-B453-215C058844FE): 1
LogDevObjectVersion:   Dev-CineCamera (B2E18506-4273-CFC2-A54E-F4BB758BBA07): 1
LogDevObjectVersion:   Dev-VirtualProduction (64F58936-FD1B-42BA-BA96-7289D5D0FA4E): 1
LogDevObjectVersion:   UE5-Main (697DD581-E64F-41AB-AA4A-51ECBEB7B628): 119
LogDevObjectVersion:   UE5-Release (D89B5E42-24BD-4D46-8412-ACA8DF641779): 51
LogDevObjectVersion:   UE5-PrivateFrosty (59DA5D52-1232-4948-B878-597870B8E98B): 8
LogDevObjectVersion:   Dev-MediaFramework (6F0ED827-A609-4895-9C91-998D90180EA4): 2
LogDevObjectVersion:   Dev-NaniteResearch (30D58BE3-95EA-4282-A6E3-B159D8EBB06A): 1
LogConfig: Branch 'PlatformCrypto' had been unloaded. Reloading on-demand took 0.40ms
LogInit: Presizing for max 100000 objects, including 0 objects not considered by GC.
LogInit: Object subsystem initialized
LogConfig: Applying CVar settings from Section [Startup] File [../../../Engine/Config/ConsoleVariables.ini]
LogConfig: CVar [[r.DumpShaderDebugInfo:2]] deferred - dummy variable created
LogConfig: CVar [[p.chaos.AllowCreatePhysxBodies:1]] deferred - dummy variable created
LogConfig: CVar [[fx.SkipVectorVMBackendOptimizations:1]] deferred - dummy variable created
LogConfig: CVar [[ds.CADTranslator.Meshing.ActivateThinZoneMeshing:0]] deferred - dummy variable created
LogConfig: CVar [[ds.CADTranslator.Stitching.RemoveThinFaces:0]] deferred - dummy variable created
LogConfig: Applying CVar settings from Section [Startup_Windows] File [../../../Engine/Config/ConsoleVariables.ini]
LogConfig: Applying CVar settings from Section [ConsoleVariables] File [Engine]
LogConfig: Set CVar [[memory.MemoryPressureCriticalThresholdMB:512]]
[2025.05.25-12.35.59:027][  0]LogInit: Computer: MYSTERIOUS-ROG
[2025.05.25-12.35.59:027][  0]LogInit: User: Jaspe
[2025.05.25-12.35.59:027][  0]LogInit: CPU Page size=4096, Cores=4
[2025.05.25-12.35.59:027][  0]LogInit: High frequency timer resolution =10.000000 MHz
[2025.05.25-12.35.59:371][  0]LogMemory: Process is running as part of a Windows Job with separate resource limits
[2025.05.25-12.35.59:371][  0]LogMemory: Memory total: Physical=14.9GB (15GB approx) Virtual=28.0GB
[2025.05.25-12.35.59:371][  0]LogMemory: Platform Memory Stats for WindowsEditor
[2025.05.25-12.35.59:371][  0]LogMemory: Process Physical Memory: 50.66 MB used, 51.27 MB peak
[2025.05.25-12.35.59:371][  0]LogMemory: Process Virtual Memory: 97.74 MB used, 97.74 MB peak
[2025.05.25-12.35.59:371][  0]LogMemory: Physical Memory: 8600.01 MB used,  6695.54 MB free, 15295.55 MB total
[2025.05.25-12.35.59:371][  0]LogMemory: Virtual Memory: 22855.59 MB used,  5827.99 MB free, 28683.59 MB total
[2025.05.25-12.35.59:383][  0]LogAssetRegistry: FAssetRegistry took 0.0001 seconds to start up
[2025.05.25-12.35.59:384][  0]LogUObjectArray: 438 objects as part of root set at end of initial load.
[2025.05.25-12.35.59:384][  0]LogUObjectArray: CloseDisregardForGC: 0/0 objects in disregard for GC pool
[2025.05.25-12.35.59:384][  0]LogInit: Using OS detected language ().
[2025.05.25-12.35.59:384][  0]LogInit: Using OS detected locale ().
[2025.05.25-12.35.59:385][  0]LogTextLocalizationManager: No localization for '' exists, so 'en' will be used for the language.
[2025.05.25-12.35.59:386][  0]LogTextLocalizationManager: No localization for '' exists, so 'en' will be used for the locale.
[2025.05.25-12.35.59:386][  0]LogInit: Using OS detected language ().
[2025.05.25-12.35.59:386][  0]LogInit: Using OS detected locale ().
[2025.05.25-12.35.59:386][  0]LogTextLocalizationManager: No localization for '' exists, so 'en' will be used for the language.
[2025.05.25-12.35.59:386][  0]LogTextLocalizationManager: No localization for '' exists, so 'en' will be used for the locale.
[2025.05.25-12.35.59:386][  0]LogPakFile: Display: ProjectDir: ../../../../../Unreal Projects/kool/
[2025.05.25-12.35.59:386][  0]LogIoStore: Display: ==================== IoStore Utils ====================
[2025.05.25-12.35.59:388][  0]LogIoStore: Display: Parsing crypto keys from a crypto key cache file 'D:\Unreal Projects\kool\Saved\Cooked\Windows\kool\Metadata\Crypto.json'
[2025.05.25-12.35.59:397][  0]LogIoStore: Display: Container signing - DISABLED
[2025.05.25-12.35.59:397][  0]LogIoStore: Display: Directory index - ENABLED
[2025.05.25-12.35.59:397][  0]LogIoStore: Display: Using compression format 'Oodle'
[2025.05.25-12.35.59:397][  0]LogIoStore: Display: Using memory mapping alignment '16384'
[2025.05.25-12.35.59:397][  0]LogIoStore: Display: Using compression block size '65536'
[2025.05.25-12.35.59:397][  0]LogIoStore: Display: Using compression block alignment '2048'
[2025.05.25-12.35.59:397][  0]LogIoStore: Display: Using compression min bytes saved '1024'
[2025.05.25-12.35.59:397][  0]LogIoStore: Display: Using compression min percent saved '5'
[2025.05.25-12.35.59:397][  0]LogIoStore: Display: Using max partition size '0'
[2025.05.25-12.35.59:397][  0]LogIoStore: Display: Not using DDC for compression
[2025.05.25-12.35.59:398][  0]LogIoStore: Display: Using command list file: 'C:\Users\Jaspe\AppData\Roaming\Unreal Engine\AutomationTool\Logs\D+eepikalised+geimid+UE_5.5\IoStoreCommands.txt'
[2025.05.25-12.35.59:404][  0]LogIoStore: Display: Selected Oodle level 4 (Normal) from command line for shaders
[2025.05.25-12.35.59:405][  0]LogIoStore: Display: Fetched 992 oplog items from Manifest in 0.00 seconds
[2025.05.25-12.35.59:416][  0]LogIoStore: Display: Parsed 992 oplog items 0.01 seconds, 1510 chunks
[2025.05.25-12.35.59:423][  0]LogIoStore: Display: Using input asset registry: D:/Unreal Projects/kool/Saved/Cooked/Windows/kool/Metadata/DevelopmentAssetRegistry.bin
[2025.05.25-12.35.59:447][  0]LogIoStore: Display: Loaded 530 chunk hashes from AssetRegistry in 0.03 seconds, 530 hashes updated in 0.00 seconds
[2025.05.25-12.35.59:454][  0]LogIoStore: Display: Searching for cooked assets in folder 'D:\Unreal Projects\kool\Saved\Cooked\Windows'
[2025.05.25-12.35.59:490][  0]LogIoStore: Display: Found '2498' files
[2025.05.25-12.35.59:513][  0]LogIoStore: Display: Creating container targets...
[2025.05.25-12.35.59:523][  0]OodleDataCompression: Display: Oodle v2.9.12 format for pak/iostore with method=Kraken, level=4=Normal
[2025.05.25-12.35.59:583][  0]LogIoStore: Display: Parsing packages...
[2025.05.25-12.35.59:583][  0]LogIoStore: Display: Reading package assets...
[2025.05.25-12.35.59:709][  0]LogIoStore: Display: Packages read 980 files in 0.13 seconds, 2,246,489 total bytes, 17,851,847 bytes per second
[2025.05.25-12.35.59:733][  0]LogIoStore: Display: Processing shader libraries, compressing with Oodle Mermaid, level 4 (Normal)
[2025.05.25-12.35.59:760][  0]LogShaderLibrary: Display: Created IoStoreShaderArchive header: shaders grouped in 359 groups (135 of them didn't need new indices), average uncompressed size 157593 bytes, min 249 bytes, max 1042473 bytes (r.ShaderCodeLibrary.MaxShaderGroupSize=1048576)
[2025.05.25-12.36.00:247][  0]LogIoStore: Display: Global-PCD3D_SM5(PCD3D_SM5): Recompressed 3890 shaders as 359 groups. Library size changed from 12673 KB (4.36 : 1 ratio) to 5612 KB (9.84 : 1 ratio), 44.29% of previous.
[2025.05.25-12.36.00:377][  0]LogShaderLibrary: Display: Created IoStoreShaderArchive header: shaders grouped in 474 groups (151 of them didn't need new indices), average uncompressed size 205260 bytes, min 1249 bytes, max 1023661 bytes (r.ShaderCodeLibrary.MaxShaderGroupSize=1048576)
[2025.05.25-12.36.02:634][  0]LogIoStore: Display: Global-PCD3D_SM6(PCD3D_SM6): Recompressed 6420 shaders as 474 groups. Library size changed from 72461 KB (1.31 : 1 ratio) to 41322 KB (2.30 : 1 ratio), 57.03% of previous.
[2025.05.25-12.36.02:653][  0]LogShaderLibrary: Display: Created IoStoreShaderArchive header: shaders grouped in 168 groups (59 of them didn't need new indices), average uncompressed size 139924 bytes, min 490 bytes, max 982542 bytes (r.ShaderCodeLibrary.MaxShaderGroupSize=1048576)
[2025.05.25-12.36.02:826][  0]LogIoStore: Display: kool-PCD3D_SM5(PCD3D_SM5): Recompressed 1622 shaders as 168 groups. Library size changed from 6251 KB (3.67 : 1 ratio) to 2062 KB (11.13 : 1 ratio), 33.00% of previous.
[2025.05.25-12.36.02:847][  0]LogShaderLibrary: Display: Created IoStoreShaderArchive header: shaders grouped in 189 groups (46 of them didn't need new indices), average uncompressed size 181564 bytes, min 2342 bytes, max 959205 bytes (r.ShaderCodeLibrary.MaxShaderGroupSize=1048576)
[2025.05.25-12.36.03:645][  0]LogIoStore: Display: kool-PCD3D_SM6(PCD3D_SM6): Recompressed 2391 shaders as 189 groups. Library size changed from 25252 KB (1.33 : 1 ratio) to 15057 KB (2.23 : 1 ratio), 59.63% of previous.
[2025.05.25-12.36.03:651][  0]LogIoStore: Display: Shaders processed in 3.92 seconds
[2025.05.25-12.36.03:654][  0]LogIoStore: Display: Initialized WriteRequestManager with MaxConcurrentSourceReads=4 (8 cores), MaxSourceBufferMemory=3072MiB
[2025.05.25-12.36.03:658][  0]LogIoStore: Display: Processing redirects...
[2025.05.25-12.36.03:658][  0]LogIoStore: Display: Creating disk layout...
[2025.05.25-12.36.03:661][  0]LogIoStore: Display: Ordered 980 packages using fallback bundle order
[2025.05.25-12.36.03:693][  0]LogIoStore: Display: Serializing container(s)...
[2025.05.25-12.36.05:732][  0]LogIoStore: Display: Writing chunks 1037/2704... [83 compressed] [5083 compression tasks] [Physical: 1594 MiB, Virtual: 4578 MiB]
[2025.05.25-12.36.07:754][  0]LogIoStore: Display: Writing chunks 1256/2704... [247 compressed] [5199 compression tasks] [Physical: 1585 MiB, Virtual: 4497 MiB]
[2025.05.25-12.36.09:835][  0]LogIoStore: Display: Writing chunks 1630/2704... [560 compressed] [4307 compression tasks] [Physical: 1503 MiB, Virtual: 4338 MiB]
[2025.05.25-12.36.11:930][  0]LogIoStore: Display: Writing chunks 2158/2704... [967 compressed] [3272 compression tasks] [Physical: 1483 MiB, Virtual: 4187 MiB]
[2025.05.25-12.36.13:979][  0]LogIoStore: Display: Writing chunks 2312/2704... [1119 compressed] [2104 compression tasks] [Physical: 1467 MiB, Virtual: 4063 MiB]
[2025.05.25-12.36.15:986][  0]LogIoStore: Display: Writing chunks 2529/2704... [1336 compressed] [563 compression tasks] [Physical: 1521 MiB, Virtual: 4064 MiB]
[2025.05.25-12.36.17:160][  0]LogIoStore: Display: Writing and compressing took 12.65 seconds, writes to disk took 1.50 seconds for 443,525,200 bytes @ 295,422,411 bytes per second.
[2025.05.25-12.36.17:160][  0]LogIoStore: Display: global: Found perfect hashmap for 1 items.
[2025.05.25-12.36.17:162][  0]LogIoStore: Display: kool-Windows: Found perfect hashmap for 2703 items.
[2025.05.25-12.36.17:171][  0]LogIoStore: Display: Finalize took 0.0 seconds for 2 writers to write 473,510 bytes, 42,778,801 bytes per second
[2025.05.25-12.36.17:171][  0]LogIoStore: Display: Writing tocs... [Physical: 1443 MiB, Virtual: 3939 MiB]
[2025.05.25-12.36.17:171][  0]LogIoStore: Display: 530 / 2,704 hashes were loaded from the hash database, by type:
[2025.05.25-12.36.17:171][  0]LogIoStore: Display:     BulkData                   530
[2025.05.25-12.36.17:171][  0]LogIoStore: Display: 1,510 / 2,704 chunks attempted to compress, by type:
[2025.05.25-12.36.17:171][  0]LogIoStore: Display:     ExportBundleData           980 / 980
[2025.05.25-12.36.17:171][  0]LogIoStore: Display:     BulkData                   530 / 530
[2025.05.25-12.36.17:171][  0]LogIoStore: Display:     ScriptObjects              0 / 1
[2025.05.25-12.36.17:171][  0]LogIoStore: Display:     ContainerHeader            0 / 1
[2025.05.25-12.36.17:171][  0]LogIoStore: Display:     ShaderCodeLibrary          0 / 4
[2025.05.25-12.36.17:171][  0]LogIoStore: Display:     ShaderCode                 0 / 1,188
[2025.05.25-12.36.17:171][  0]LogIoStore: Display: Source bytes read:
[2025.05.25-12.36.17:171][  0]LogIoStore: Display:     Zen:                                  0
[2025.05.25-12.36.17:172][  0]LogIoStore: Display:     Loose File:               1,846,936,072
[2025.05.25-12.36.17:172][  0]LogIoStore: Display:         ExportBundleData       1,145,916,684 bytes over 1,960 reads
[2025.05.25-12.36.17:172][  0]LogIoStore: Display:         BulkData                701,019,388 bytes over 530 reads
[2025.05.25-12.36.17:172][  0]LogIoStore: Display:     Memory:                     132,336,884
[2025.05.25-12.36.17:172][  0]LogIoStore: Display:         ShaderCodeLibrary         1,157,496 bytes over 8 reads
[2025.05.25-12.36.17:172][  0]LogIoStore: Display:         ShaderCode              131,179,388 bytes over 2,376 reads
[2025.05.25-12.36.17:172][  0]LogIoStore: Display: Calculating stats...
[2025.05.25-12.36.17:172][  0]LogIoStore: Display: 
[2025.05.25-12.36.17:172][  0]LogIoStore: Display: Container Summary
[2025.05.25-12.36.17:172][  0]LogIoStore: Display: ==================
[2025.05.25-12.36.17:172][  0]LogIoStore: Display: 
[2025.05.25-12.36.17:172][  0]LogIoStore: Display: Container                                               Flags      Chunk(s) #       TOC (KiB)       Raw Size (MiB)           Size (MiB)
[2025.05.25-12.36.17:172][  0]LogIoStore: Display: ----------------------------------------------------------------------------------------------------------------------------------------------
[2025.05.25-12.36.17:172][  0]LogIoStore: Display: global                                              -/-/-/-/-               1            0.62                 2.29                 2.29 -
[2025.05.25-12.36.17:172][  0]LogIoStore: Display: kool-Windows                                        C/-/-/I/-            2703          461.79              1281.63               420.68 (67.18% Oodle)
[2025.05.25-12.36.17:172][  0]LogIoStore: Display: ----------------------------------------------------------------------------------------------------------------------------------------------
[2025.05.25-12.36.17:172][  0]LogIoStore: Display: Total                                                                    2704          462.41              1283.93               422.98
[2025.05.25-12.36.17:172][  0]LogIoStore: Display: 
[2025.05.25-12.36.17:172][  0]LogIoStore: Display: ** Flags: (C)ompressed / (E)ncrypted / (S)igned) / (I)ndexed) / (O)nDemand **
[2025.05.25-12.36.17:172][  0]LogIoStore: Display: 
[2025.05.25-12.36.17:172][  0]LogIoStore: Display: Compression block padding:     2.09 MiB
[2025.05.25-12.36.17:172][  0]LogIoStore: Display: 
[2025.05.25-12.36.17:172][  0]LogIoStore: Display: Container Directory Index
[2025.05.25-12.36.17:172][  0]LogIoStore: Display: ==========================
[2025.05.25-12.36.17:172][  0]LogIoStore: Display: 
[2025.05.25-12.36.17:172][  0]LogIoStore: Display: Container                                          Size (KiB)
[2025.05.25-12.36.17:172][  0]LogIoStore: Display: ----------------------------------------------------------------------------------------------------------------------------------------------
[2025.05.25-12.36.17:173][  0]LogIoStore: Display: global                                                   0.00
[2025.05.25-12.36.17:173][  0]LogIoStore: Display: kool-Windows                                            73.16
[2025.05.25-12.36.17:173][  0]LogIoStore: Display: 
[2025.05.25-12.36.17:173][  0]LogIoStore: Display: Container Patch Report
[2025.05.25-12.36.17:173][  0]LogIoStore: Display: ========================
[2025.05.25-12.36.17:173][  0]LogIoStore: Display: 
[2025.05.25-12.36.17:173][  0]LogIoStore: Display: Container                                             Total #       Modified #          Added #   Modified (MiB)      Added (MiB)
[2025.05.25-12.36.17:173][  0]LogIoStore: Display: ----------------------------------------------------------------------------------------------------------------------------------------------
[2025.05.25-12.36.17:173][  0]LogIoStore: Display: global                                                      1                0                0             0.00             0.00
[2025.05.25-12.36.17:173][  0]LogIoStore: Display: kool-Windows                                             2703                0             2703             0.00           418.60
[2025.05.25-12.36.17:173][  0]LogIoStore: Display: 
[2025.05.25-12.36.17:173][  0]LogIoStore: Display: PackageStore
[2025.05.25-12.36.17:173][  0]LogIoStore: Display: =============
[2025.05.25-12.36.17:173][  0]LogIoStore: Display: 
[2025.05.25-12.36.17:173][  0]LogIoStore: Display: Container                                          Size (KiB)      Packages #     Localized #
[2025.05.25-12.36.17:173][  0]LogIoStore: Display: ----------------------------------------------------------------------------------------------------------------------------------------------
[2025.05.25-12.36.17:173][  0]LogIoStore: Display: kool-Windows                                               31             980               0
[2025.05.25-12.36.17:173][  0]LogIoStore: Display: ----------------------------------------------------------------------------------------------------------------------------------------------
[2025.05.25-12.36.17:173][  0]LogIoStore: Display: Total                                                      31             980               0
[2025.05.25-12.36.17:173][  0]LogIoStore: Display: 
[2025.05.25-12.36.17:173][  0]LogIoStore: Display: 
[2025.05.25-12.36.17:173][  0]LogIoStore: Display: Input:       980 Packages
[2025.05.25-12.36.17:173][  0]LogIoStore: Display: Input:      0.53 GB UExp
[2025.05.25-12.36.17:173][  0]LogIoStore: Display: Input:      0.00 GB UAsset
[2025.05.25-12.36.17:175][  0]LogIoStore: Display: Input:      0.65 GB UBulk
[2025.05.25-12.36.17:175][  0]LogIoStore: Display: Input:     45.83 MB for 833 Global shaders
[2025.05.25-12.36.17:175][  0]LogIoStore: Display: Input:      1.51 MB for 140 Shared shaders
[2025.05.25-12.36.17:175][  0]LogIoStore: Display: Input:      0.00 MB for 0 Unique shaders
[2025.05.25-12.36.17:175][  0]LogIoStore: Display: Input:     15.21 MB for 215 Inline shaders
[2025.05.25-12.36.17:175][  0]LogIoStore: Display: 
[2025.05.25-12.36.17:175][  0]LogIoStore: Display: Output:     8977 Name map entries
[2025.05.25-12.36.17:175][  0]LogIoStore: Display: Output:     1418 Imported package entries
[2025.05.25-12.36.17:175][  0]LogIoStore: Display: Output:      343 Packages without imports
[2025.05.25-12.36.17:175][  0]LogIoStore: Display: Output:        0 Public runtime script objects
[2025.05.25-12.36.17:175][  0]LogIoStore: Display: Output:     0.00 GB HeaderData
[2025.05.25-12.36.17:175][  0]LogIoStore: Display: Output:     2.29 MB InitialLoadData
[2025.05.25-12.36.17:175][  0]LogIoStore: Display: 
[2025.05.25-12.36.17:193][  0]LogPakFile: Display: UnrealPak executed in 17.806476 seconds
[2025.05.25-12.36.17:200][  0]LogCore: Engine exit requested (reason: UnrealPak Exiting)
[2025.05.25-12.36.17:200][  0]LogExit: Preparing to exit.
[2025.05.25-12.36.17:202][  0]LogExit: Object subsystem successfully closed.
[2025.05.25-12.36.17:205][  0]LogPakFile: Destroying PakPlatformFile
[2025.05.25-12.36.17:210][  0]LogExit: Exiting.
[2025.05.25-12.36.17:222][  0]Log file closed, 05/25/25 15:36:17
